// Jest Snapshot v1, https://goo.gl/fbAQLP

exports[`pruebas en <GifGrid /> debe mostrarse ok 1`] = `""`;
